2025.05.12 19:08:56.461 | laboneq.dsl.session                           | WARNING The 'use_async_api' argument is deprecated and has no effect. The async API is always used.
2025.05.12 19:13:40.546 | laboneq.dsl.session                           | WARNING The 'use_async_api' argument is deprecated and has no effect. The async API is always used.
2025.05.12 20:00:01.060 | laboneq.dsl.session                           | WARNING The 'use_async_api' argument is deprecated and has no effect. The async API is always used.
2025.05.12 20:48:15.759 | laboneq.controller.util                       | CRITICAL SHFQC/SG:dev12195: Local oscillator for channel 4 is required, but is not provided.
2025.05.12 20:48:54.666 | laboneq.controller.util                       | CRITICAL SHFQC/SG:dev12195: Local oscillator for channel 4 is required, but is not provided.
2025.05.14 18:32:39.516 | laboneq.dsl.session                           | WARNING The 'use_async_api' argument is deprecated and has no effect. The async API is always used.
2025.05.14 18:40:53.923 | laboneq.controller.util                       | CRITICAL SHFQC/SG:dev12195: Local oscillator for channel 4 is required, but is not provided.
2025.05.14 19:01:34.018 | laboneq.controller.util                       | CRITICAL SHFQC/SG:dev12195: Local oscillator for channel 4 is required, but is not provided.
2025.05.14 22:08:28.954 | laboneq.controller.util                       | CRITICAL SHFQC/SG:dev12195: Local oscillator for channel 4 is required, but is not provided.
2025.05.15 06:40:55.710 | laboneq.controller.util                       | CRITICAL SHFQC/SG:dev12195: Local oscillator for channel 4 is required, but is not provided.
2025.05.15 06:44:23.900 | laboneq.controller.devices.device_shfqa       | ERROR  SHFQC/QA:dev12195:ch0:readout0: Failed to receive all results within 5 s, timing out.
2025.05.15 06:44:23.902 | laboneq.controller.devices.device_shfqa       | ERROR  SHFQC/QA:dev12195:ch0:readout0: Results for job id(s) {0} are missing.
2025.05.15 06:44:24.011 | laboneq.controller.util                       | CRITICAL Error(s) happened on device(s) during the execution of the experiment. Error messages:
SHFQC/QA:dev12195: (ROHOLDOFF) Hold-off errors detected in readout module or result logger. This is likely caused by starting measurements too soon after one another.
SHFQC/QA:dev12195: (PLAYHOLDOFF) Hold-off errors detected in QA waveform player module. This is likely caused by starting playbacks too soon after one another.
SHFQC/SG:dev12195: (ROHOLDOFF) Hold-off errors detected in readout module or result logger. This is likely caused by starting measurements too soon after one another.
SHFQC/SG:dev12195: (PLAYHOLDOFF) Hold-off errors detected in QA waveform player module. This is likely caused by starting playbacks too soon after one another.
2025.05.15 06:44:24.118 | laboneq.controller.controller                 | WARNING Error(s) happened on device(s) during the execution of the experiment. Error messages:
SHFQC/QA:dev12195: (ROHOLDOFF) Hold-off errors detected in readout module or result logger. This is likely caused by starting measurements too soon after one another.
SHFQC/QA:dev12195: (PLAYHOLDOFF) Hold-off errors detected in QA waveform player module. This is likely caused by starting playbacks too soon after one another.
SHFQC/SG:dev12195: (ROHOLDOFF) Hold-off errors detected in readout module or result logger. This is likely caused by starting measurements too soon after one another.
SHFQC/SG:dev12195: (PLAYHOLDOFF) Hold-off errors detected in QA waveform player module. This is likely caused by starting playbacks too soon after one another.
2025.05.15 06:49:30.568 | laboneq.controller.devices.device_shfqa       | ERROR  SHFQC/QA:dev12195:ch0:readout0: Failed to receive all results within 5 s, timing out.
2025.05.15 06:49:30.571 | laboneq.controller.devices.device_shfqa       | ERROR  SHFQC/QA:dev12195:ch0:readout0: Results for job id(s) {0} are missing.
2025.05.15 06:49:30.677 | laboneq.controller.util                       | CRITICAL Error(s) happened on device(s) during the execution of the experiment. Error messages:
SHFQC/QA:dev12195: (ROHOLDOFF) Hold-off errors detected in readout module or result logger. This is likely caused by starting measurements too soon after one another.
SHFQC/QA:dev12195: (PLAYHOLDOFF) Hold-off errors detected in QA waveform player module. This is likely caused by starting playbacks too soon after one another.
SHFQC/SG:dev12195: (ROHOLDOFF) Hold-off errors detected in readout module or result logger. This is likely caused by starting measurements too soon after one another.
SHFQC/SG:dev12195: (PLAYHOLDOFF) Hold-off errors detected in QA waveform player module. This is likely caused by starting playbacks too soon after one another.
2025.05.15 06:49:30.773 | laboneq.controller.controller                 | WARNING Error(s) happened on device(s) during the execution of the experiment. Error messages:
SHFQC/QA:dev12195: (ROHOLDOFF) Hold-off errors detected in readout module or result logger. This is likely caused by starting measurements too soon after one another.
SHFQC/QA:dev12195: (PLAYHOLDOFF) Hold-off errors detected in QA waveform player module. This is likely caused by starting playbacks too soon after one another.
SHFQC/SG:dev12195: (ROHOLDOFF) Hold-off errors detected in readout module or result logger. This is likely caused by starting measurements too soon after one another.
SHFQC/SG:dev12195: (PLAYHOLDOFF) Hold-off errors detected in QA waveform player module. This is likely caused by starting playbacks too soon after one another.
2025.05.15 09:15:42.795 | laboneq.controller.util                       | CRITICAL SHFQC/SG:dev12195: Local oscillator for channel 4 is required, but is not provided.
2025.05.15 09:35:46.394 | laboneq.controller.devices.device_shfqa       | ERROR  SHFQC/QA:dev12195:ch0:readout0: Failed to receive all results within 5 s, timing out.
2025.05.15 09:35:46.396 | laboneq.controller.devices.device_shfqa       | ERROR  SHFQC/QA:dev12195:ch0:readout0: Results for job id(s) {0} are missing.
2025.05.15 09:35:46.519 | laboneq.controller.util                       | CRITICAL Error(s) happened on device(s) during the execution of the experiment. Error messages:
SHFQC/QA:dev12195: (ROHOLDOFF) Hold-off errors detected in readout module or result logger. This is likely caused by starting measurements too soon after one another.
SHFQC/QA:dev12195: (PLAYHOLDOFF) Hold-off errors detected in QA waveform player module. This is likely caused by starting playbacks too soon after one another.
SHFQC/SG:dev12195: (ROHOLDOFF) Hold-off errors detected in readout module or result logger. This is likely caused by starting measurements too soon after one another.
SHFQC/SG:dev12195: (PLAYHOLDOFF) Hold-off errors detected in QA waveform player module. This is likely caused by starting playbacks too soon after one another.
2025.05.15 09:35:46.630 | laboneq.controller.controller                 | WARNING Error(s) happened on device(s) during the execution of the experiment. Error messages:
SHFQC/QA:dev12195: (ROHOLDOFF) Hold-off errors detected in readout module or result logger. This is likely caused by starting measurements too soon after one another.
SHFQC/QA:dev12195: (PLAYHOLDOFF) Hold-off errors detected in QA waveform player module. This is likely caused by starting playbacks too soon after one another.
SHFQC/SG:dev12195: (ROHOLDOFF) Hold-off errors detected in readout module or result logger. This is likely caused by starting measurements too soon after one another.
SHFQC/SG:dev12195: (PLAYHOLDOFF) Hold-off errors detected in QA waveform player module. This is likely caused by starting playbacks too soon after one another.
2025.05.15 09:40:28.411 | laboneq.controller.devices.device_shfqa       | ERROR  SHFQC/QA:dev12195:ch0:readout0: Failed to receive all results within 5 s, timing out.
2025.05.15 09:40:28.412 | laboneq.controller.devices.device_shfqa       | ERROR  SHFQC/QA:dev12195:ch0:readout0: Results for job id(s) {0} are missing.
2025.05.15 09:40:28.539 | laboneq.controller.util                       | CRITICAL Error(s) happened on device(s) during the execution of the experiment. Error messages:
SHFQC/QA:dev12195: (ROHOLDOFF) Hold-off errors detected in readout module or result logger. This is likely caused by starting measurements too soon after one another.
SHFQC/QA:dev12195: (PLAYHOLDOFF) Hold-off errors detected in QA waveform player module. This is likely caused by starting playbacks too soon after one another.
SHFQC/SG:dev12195: (ROHOLDOFF) Hold-off errors detected in readout module or result logger. This is likely caused by starting measurements too soon after one another.
SHFQC/SG:dev12195: (PLAYHOLDOFF) Hold-off errors detected in QA waveform player module. This is likely caused by starting playbacks too soon after one another.
2025.05.15 09:40:28.647 | laboneq.controller.controller                 | WARNING Error(s) happened on device(s) during the execution of the experiment. Error messages:
SHFQC/QA:dev12195: (ROHOLDOFF) Hold-off errors detected in readout module or result logger. This is likely caused by starting measurements too soon after one another.
SHFQC/QA:dev12195: (PLAYHOLDOFF) Hold-off errors detected in QA waveform player module. This is likely caused by starting playbacks too soon after one another.
SHFQC/SG:dev12195: (ROHOLDOFF) Hold-off errors detected in readout module or result logger. This is likely caused by starting measurements too soon after one another.
SHFQC/SG:dev12195: (PLAYHOLDOFF) Hold-off errors detected in QA waveform player module. This is likely caused by starting playbacks too soon after one another.
2025.05.15 14:11:36.664 | laboneq.controller.util                       | CRITICAL SHFQC/QA:dev12195: exceeded the number of available oscillators for channel 0
2025.05.15 14:13:24.652 | laboneq.controller.util                       | CRITICAL SHFQC/QA:dev12195: exceeded the number of available oscillators for channel 0
2025.05.15 14:26:58.486 | laboneq.controller.util                       | CRITICAL SHFQC/QA:dev12195: exceeded the number of available oscillators for channel 0
2025.05.15 14:32:09.708 | laboneq.controller.util                       | CRITICAL SHFQC/QA:dev12195: exceeded the number of available oscillators for channel 0
